// Jest Snapshot v1, https://goo.gl/fbAQLP

exports[`Controls It matches snapshot 1`] = `
<div>
  <div
    class="controls"
  >
    <h2>
      Your turn!
    </h2>
    <div
      class="buttons"
    >
      <button
        class="button secondary"
        tabindex="0"
      >
        Stand
      </button>
      <button
        class="button primary"
      >
        Hit
      </button>
    </div>
  </div>
</div>
`;
